Flow report for DE2Bot
Wed Apr 22 21:58:25 2015
Quartus II Version 9.1 Build 350 03/24/2010 Service Pack 2 SJ Web Edition


---------------------
; Table of Contents ;
---------------------
  1. Legal Notice
  2. Flow Summary
  3. Flow Settings
  4. Flow Non-Default Global Settings
  5. Flow Elapsed Time
  6. Flow OS Summary
  7. Flow Log



----------------
; Legal Notice ;
----------------
Copyright (C) 1991-2010 Altera Corporation
Your use of Altera Corporation's design tools, logic functions 
and other software and tools, and its AMPP partner logic 
functions, and any output files from any of the foregoing 
(including device programming or simulation files), and any 
associated documentation or information are expressly subject 
to the terms and conditions of the Altera Program License 
Subscription Agreement, Altera MegaCore Function License 
Agreement, or other applicable license agreement, including, 
without limitation, that your use is for the sole purpose of 
programming logic devices manufactured by Altera and sold by 
Altera or its authorized distributors.  Please refer to the 
applicable agreement for further details.



+-----------------------------------------------------------------------------------+
; Flow Summary                                                                      ;
+------------------------------------+----------------------------------------------+
; Flow Status                        ; Successful - Wed Apr 22 21:58:25 2015        ;
; Quartus II Version                 ; 9.1 Build 350 03/24/2010 SP 2 SJ Web Edition ;
; Revision Name                      ; DE2Bot                                       ;
; Top-level Entity Name              ; DE2bot                                       ;
; Family                             ; Cyclone II                                   ;
; Device                             ; EP2C35F672C6                                 ;
; Timing Models                      ; Final                                        ;
; Met timing requirements            ; No                                           ;
; Total logic elements               ; 5,196 / 33,216 ( 16 % )                      ;
;     Total combinational functions  ; 4,745 / 33,216 ( 14 % )                      ;
;     Dedicated logic registers      ; 1,966 / 33,216 ( 6 % )                       ;
; Total registers                    ; 1966                                         ;
; Total pins                         ; 183 / 475 ( 39 % )                           ;
; Total virtual pins                 ; 0                                            ;
; Total memory bits                  ; 90,752 / 483,840 ( 19 % )                    ;
; Embedded Multiplier 9-bit elements ; 44 / 70 ( 63 % )                             ;
; Total PLLs                         ; 2 / 4 ( 50 % )                               ;
+------------------------------------+----------------------------------------------+


+-----------------------------------------+
; Flow Settings                           ;
+-------------------+---------------------+
; Option            ; Setting             ;
+-------------------+---------------------+
; Start date & time ; 04/22/2015 11:37:30 ;
; Main task         ; Compilation         ;
; Revision Name     ; DE2Bot              ;
+-------------------+---------------------+


+-----------------------------------------------------------------------------------------------------------------+
; Flow Non-Default Global Settings                                                                                ;
+-------------------------------------+----------------------------+---------------+-------------+----------------+
; Assignment Name                     ; Value                      ; Default Value ; Entity Name ; Section Id     ;
+-------------------------------------+----------------------------+---------------+-------------+----------------+
; COMPILER_SIGNATURE_ID               ; 4260891988.142971705001412 ; --            ; --          ; --             ;
; ENABLE_CLOCK_LATENCY                ; On                         ; Off           ; --          ; --             ;
; IP_TOOL_NAME                        ; LPM_MULT                   ; --            ; --          ; --             ;
; IP_TOOL_VERSION                     ; 9.1                        ; --            ; --          ; --             ;
; MAX_CORE_JUNCTION_TEMP              ; 85                         ; --            ; --          ; --             ;
; MIN_CORE_JUNCTION_TEMP              ; 0                          ; --            ; --          ; --             ;
; MISC_FILE                           ; mult_lpm.cmp               ; --            ; --          ; --             ;
; OUTPUT_PIN_LOAD                     ; 1                          ; --            ; --          ; 3.3-V LVTTL    ;
; OUTPUT_PIN_LOAD                     ; 1                          ; --            ; --          ; 3.3-V LVCMOS   ;
; PARTITION_COLOR                     ; 16764057                   ; --            ; DE2bot      ; Top            ;
; PARTITION_FITTER_PRESERVATION_LEVEL ; PLACEMENT_AND_ROUTING      ; --            ; DE2bot      ; Top            ;
; PARTITION_NETLIST_TYPE              ; SOURCE                     ; --            ; DE2bot      ; Top            ;
; SMART_RECOMPILE                     ; On                         ; Off           ; --          ; --             ;
; USE_GENERATED_PHYSICAL_CONSTRAINTS  ; Off                        ; --            ; --          ; eda_blast_fpga ;
+-------------------------------------+----------------------------+---------------+-------------+----------------+


+-----------------------------------------------------------------------------------------------------------------------------+
; Flow Elapsed Time                                                                                                           ;
+-------------------------+--------------+-------------------------+---------------------+------------------------------------+
; Module Name             ; Elapsed Time ; Average Processors Used ; Peak Virtual Memory ; Total CPU Time (on all processors) ;
+-------------------------+--------------+-------------------------+---------------------+------------------------------------+
; Analysis & Synthesis    ; 00:01:06     ; 1.0                     ; 300 MB              ; 00:01:06                           ;
; Fitter                  ; 00:01:40     ; 1.0                     ; 290 MB              ; 00:01:40                           ;
; Assembler               ; 00:00:06     ; 1.0                     ; 265 MB              ; 00:00:05                           ;
; Classic Timing Analyzer ; 00:00:07     ; 1.0                     ; 205 MB              ; 00:00:09                           ;
; MIF/HEX Update          ; 00:00:01     ; 1.0                     ; 211 MB              ; 00:00:01                           ;
; MIF/HEX Update          ; 00:00:00     ; 1.0                     ; 211 MB              ; 00:00:01                           ;
; Assembler               ; 00:00:02     ; 1.0                     ; 260 MB              ; 00:00:02                           ;
; Total                   ; 00:03:02     ; --                      ; --                  ; 00:03:04                           ;
+-------------------------+--------------+-------------------------+---------------------+------------------------------------+


+------------------------------------------------------------------------------------------+
; Flow OS Summary                                                                          ;
+-------------------------+------------------+---------------+------------+----------------+
; Module Name             ; Machine Hostname ; OS Name       ; OS Version ; Processor type ;
+-------------------------+------------------+---------------+------------+----------------+
; Analysis & Synthesis    ; Montana-Laptop   ; Windows Vista ; 6.1        ; x86_64         ;
; Fitter                  ; Montana-Laptop   ; Windows Vista ; 6.1        ; x86_64         ;
; Assembler               ; Montana-Laptop   ; Windows Vista ; 6.1        ; x86_64         ;
; Classic Timing Analyzer ; Montana-Laptop   ; Windows Vista ; 6.1        ; x86_64         ;
; MIF/HEX Update          ; Montana-Desktop  ; Windows Vista ; 6.1        ; x86_64         ;
; MIF/HEX Update          ; Montana-Desktop  ; Windows Vista ; 6.1        ; x86_64         ;
; Assembler               ; Montana-Desktop  ; Windows Vista ; 6.1        ; x86_64         ;
+-------------------------+------------------+---------------+------------+----------------+


------------
; Flow Log ;
------------
quartus_map --read_settings_files=on --write_settings_files=off DE2Bot -c DE2Bot
quartus_fit --read_settings_files=off --write_settings_files=off DE2Bot -c DE2Bot
quartus_asm --read_settings_files=off --write_settings_files=off DE2Bot -c DE2Bot
quartus_tan --read_settings_files=off --write_settings_files=off DE2Bot -c DE2Bot --timing_analysis_only
quartus_cdb DE2Bot -c DE2Bot --update_mif
quartus_cdb DE2Bot -c DE2Bot --update_mif
quartus_asm --read_settings_files=on --write_settings_files=off DE2Bot -c DE2Bot



